[
  {
    "case": "logical1-read0-control",
    "classification": "QB_BVM_SUBTHRESHOLD",
    "BJs_event_units": 0,
    "BJL1_event_units": 0,
    "BJL2_event_units": 0,
    "BJL2_activity_p2p_turns": 1.671126902468781e-06,
    "BJL2_largest_delta_turns": -1.655211408159134e-06,
    "BJL2_largest_area_turns": -1.640292487591825e-06,
    "BJL2_residual_turns": 1.491892056730887e-08,
    "BJL2_post_p2p_turns": 1.4323944877798988e-07,
    "I_Lin_activity_min_uA": -0.000650966,
    "I_Lin_activity_max_uA": 0.0006826053000000001,
    "V_SL_activity_min_mV": -0.0003708502,
    "V_SL_activity_max_mV": 0.00034821259999999997
  },
  {
    "case": "logical1-read",
    "classification": "QB_BVM_SUBTHRESHOLD",
    "BJs_event_units": 4,
    "BJL1_event_units": 0,
    "BJL2_event_units": 0,
    "BJL2_activity_p2p_turns": 0.16549475292600652,
    "BJL2_largest_delta_turns": -0.0980308983241635,
    "BJL2_largest_area_turns": -0.09804615731721739,
    "BJL2_residual_turns": -1.5258993053879344e-05,
    "BJL2_post_p2p_turns": 0.0009467968409593729,
    "I_Lin_activity_min_uA": -39.129129999999996,
    "I_Lin_activity_max_uA": 60.48838,
    "V_SL_activity_min_mV": -1.03648,
    "V_SL_activity_max_mV": 1.866301
  },
  {
    "case": "logical0-read",
    "classification": "QB_BVM_SUBTHRESHOLD",
    "BJs_event_units": 0,
    "BJL1_event_units": 0,
    "BJL2_event_units": 0,
    "BJL2_activity_p2p_turns": 0.051558466631539825,
    "BJL2_largest_delta_turns": -0.030239964398772322,
    "BJL2_largest_area_turns": -0.030243882021722998,
    "BJL2_residual_turns": -3.917622950676269e-06,
    "BJL2_post_p2p_turns": 0.00016626916904810457,
    "I_Lin_activity_min_uA": -24.84987,
    "I_Lin_activity_max_uA": 19.75844,
    "V_SL_activity_min_mV": -0.36132980000000003,
    "V_SL_activity_max_mV": 0.4443009
  },
  {
    "case": "logical0-read0-control",
    "classification": "QB_BVM_SUBTHRESHOLD",
    "BJs_event_units": 0,
    "BJL1_event_units": 0,
    "BJL2_event_units": 0,
    "BJL2_activity_p2p_turns": 1.7029578910880754e-06,
    "BJL2_largest_delta_turns": 1.7029578910880754e-06,
    "BJL2_largest_area_turns": 1.6902080399280694e-06,
    "BJL2_residual_turns": -1.2749851160006e-08,
    "BJL2_post_p2p_turns": 1.4323944877798988e-07,
    "I_Lin_activity_min_uA": -0.0006968299,
    "I_Lin_activity_max_uA": 0.0006621794,
    "V_SL_activity_min_mV": -0.00035634859999999997,
    "V_SL_activity_max_mV": 0.0003794879
  }
]
