== M10-004 hash-check log (AC2) ==
preserved artifact hashes vs M10-003 A01 receipt:
MATCH  scripts/rebuild_historical_metrics_v2.py
    current=1f70083a28b8f88ca4cbc4c005801048f57224137d15abe04618931a7649f6f8
    recorded=1f70083a28b8f88ca4cbc4c005801048f57224137d15abe04618931a7649f6f8
MATCH  test/metrics/test_rebuild_historical_metrics_v2.py
    current=f249f431b06eedb77450ef11c09b737cab22059f7eeac4999f366c80dcf3d95b
    recorded=f249f431b06eedb77450ef11c09b737cab22059f7eeac4999f366c80dcf3d95b
MATCH  docs/research/HISTORICAL_METRICS_V2_CORRECTION_TABLE.md
    current=750d1092585e0d6940c3b5708311a5ee054051d19be1b8d11fc557661d6a371f
    recorded=750d1092585e0d6940c3b5708311a5ee054051d19be1b8d11fc557661d6a371f
MATCH  test/final/single_bvm_qb/data/metrics_v2/baseline-v2.json
    current=8a22b9a3fb619b44eb3925e749b4d17094ffd205ff5e7ab4627382c356870a6e
    recorded=8a22b9a3fb619b44eb3925e749b4d17094ffd205ff5e7ab4627382c356870a6e
MATCH  test/final/interface/data/metrics_v2/p0-v2.json
    current=2f1d9ec52e2525e69d16e9b5aa4790b0b7cec2b76ffe34c8ececd200e31a4790
    recorded=2f1d9ec52e2525e69d16e9b5aa4790b0b7cec2b76ffe34c8ececd200e31a4790
MATCH  test/final/bvm/data/metrics_v2/p2-v2.json
    current=71d97eca95a3ff778ea36c443ebc9f80b919291470e8552e5e0486c90fed5b35
    recorded=71d97eca95a3ff778ea36c443ebc9f80b919291470e8552e5e0486c90fed5b35
MATCH  test/final/qb/data/metrics_v2/bq-v4-v2.json
    current=684ba5fa235dbc0e73fcbfd166a22cc4321b8aff8882b6ade68e4e9f13e947e4
    recorded=684ba5fa235dbc0e73fcbfd166a22cc4321b8aff8882b6ade68e4e9f13e947e4
MATCH  test/final/single_bvm_qb/BASELINE.md
    current=d1910d8feded430d5f02660e9601629ecc84ac45886ea8832238416bc2ee15a8
    recorded=d1910d8feded430d5f02660e9601629ecc84ac45886ea8832238416bc2ee15a8
MATCH  test/final/interface/P0_LOG.md
    current=542687d6cb3f7fca60efb3a990a29c49dd5a562c4b99241c13d9570cbb1b9f7a
    recorded=542687d6cb3f7fca60efb3a990a29c49dd5a562c4b99241c13d9570cbb1b9f7a
MATCH  test/final/bvm/P2_LOG.md
    current=b144714310efdd7f6f627643349f6e64407bbc82842942d32a176ddb81504767
    recorded=b144714310efdd7f6f627643349f6e64407bbc82842942d32a176ddb81504767
MATCH  test/final/single_bvm_qb/EXPERIMENT_LOG.md
    current=036c9c9dbe920f6468aef74562e4d17353ee62f589dc67b69f969dcfb81f3bcd
    recorded=036c9c9dbe920f6468aef74562e4d17353ee62f589dc67b69f969dcfb81f3bcd
ALL 11 MATCH
