== M8-002 preflight (ACK 前) ==
6e23aae1cb577079085f1437d3aa0e360e6ea2dcf02df93324e4b566352d49ba  research/tasks/JH-20260812-M8-002/request.yaml
60cf922e3858984e1845cf8cd2fb825dd3bd4872
A  research/tasks/JH-20260812-M8-002/baseline/git-status.txt
A  research/tasks/JH-20260812-M8-002/baseline/scope-files.sha256
A  research/tasks/JH-20260812-M8-002/request.sha256
A  research/tasks/JH-20260812-M8-002/request.yaml
?? research/tasks/JH-20260812-M8-002/attempts/A01/ack.yaml
?? research/tasks/JH-20260812-M8-002/attempts/A01/analysis/analyze_m8_002.py
-- scope hashes --
ALL OK
-- preserved A01 raw vs M8-001 receipt --
d9114f501edd3e5eb8ce38b62ac47d5c8b5168be597bea50069df6f9cba64b12  research/tasks/JH-20260812-M8-001/attempts/A01/runs/m8-jtl-conv-single-0.025ps-20260812-01/raw/m8-jtl-conv-single-0.025ps-20260812-01.csv
cd57a1dbd79f69047807c74b467755d6c1e638f7810e485342c3bdf1429e2c29  research/tasks/JH-20260812-M8-001/attempts/A01/runs/m8-jtl-conv-single-0.05ps-20260812-01/raw/m8-jtl-conv-single-0.05ps-20260812-01.csv
e8f731dc3b674d1e4eecf67ec84322dace36251ea6737acf105075fc17b09baa  research/tasks/JH-20260812-M8-001/attempts/A01/runs/m8-jtl-conv-single-0.1ps-20260812-01/raw/m8-jtl-conv-single-0.1ps-20260812-01.csv
088ee2af6c8cf494c7c19b23273281e79e0ff6401efc2ec92901f2024b7ff9e1  research/tasks/JH-20260812-M8-001/attempts/A01/runs/m8-jtl-conv-zero-0.025ps-20260812-01/raw/m8-jtl-conv-zero-0.025ps-20260812-01.csv
d822df0a6c5869370cd73e5fd129fe57d1ea6c0249c1e39979912d730efb2442  research/tasks/JH-20260812-M8-001/attempts/A01/runs/m8-jtl-conv-zero-0.05ps-20260812-01/raw/m8-jtl-conv-zero-0.05ps-20260812-01.csv
a2a3e9b50f2739037cbc6b9d56fa5973e237d7bf82a2837ed35bf44e642f6e28  research/tasks/JH-20260812-M8-001/attempts/A01/runs/m8-jtl-conv-zero-0.1ps-20260812-01/raw/m8-jtl-conv-zero-0.1ps-20260812-01.csv
-- verify-task (ACK 前) --
VERIFIED research/tasks/JH-20260812-M8-002
